This is pdfTeX, Version 3.141592653-2.6-1.40.28 (TeX Live 2025) (preloaded format=pdflatex)
 restricted \write18 enabled.
entering extended mode
(./response-to-reviewers.tex
LaTeX2e <2025-11-01>
L3 programming layer <2026-01-19>
(c:/texlive/2025/texmf-dist/tex/latex/base/article.cls
Document Class: article 2025/01/22 v1.4n Standard LaTeX document class
(c:/texlive/2025/texmf-dist/tex/latex/base/size11.clo))
(c:/texlive/2025/texmf-dist/tex/latex/base/fontenc.sty)
(c:/texlive/2025/texmf-dist/tex/latex/base/inputenc.sty)
(c:/texlive/2025/texmf-dist/tex/latex/geometry/geometry.sty
(c:/texlive/2025/texmf-dist/tex/latex/graphics/keyval.sty)
(c:/texlive/2025/texmf-dist/tex/generic/iftex/ifvtex.sty
(c:/texlive/2025/texmf-dist/tex/generic/iftex/iftex.sty)))
(c:/texlive/2025/texmf-dist/tex/latex/lm/lmodern.sty)
(c:/texlive/2025/texmf-dist/tex/latex/microtype/microtype.sty
(c:/texlive/2025/texmf-dist/tex/latex/etoolbox/etoolbox.sty)
(c:/texlive/2025/texmf-dist/tex/latex/microtype/microtype-pdftex.def)
(c:/texlive/2025/texmf-dist/tex/latex/microtype/microtype.cfg))
(c:/texlive/2025/texmf-dist/tex/latex/parskip/parskip.sty
(c:/texlive/2025/texmf-dist/tex/latex/kvoptions/kvoptions.sty
(c:/texlive/2025/texmf-dist/tex/generic/ltxcmds/ltxcmds.sty)
(c:/texlive/2025/texmf-dist/tex/latex/kvsetkeys/kvsetkeys.sty)))
(c:/texlive/2025/texmf-dist/tex/latex/xcolor/xcolor.sty
(c:/texlive/2025/texmf-dist/tex/latex/graphics-cfg/color.cfg)
(c:/texlive/2025/texmf-dist/tex/latex/graphics-def/pdftex.def)
(c:/texlive/2025/texmf-dist/tex/latex/graphics/mathcolor.ltx))
(c:/texlive/2025/texmf-dist/tex/latex/colortbl/colortbl.sty
(c:/texlive/2025/texmf-dist/tex/latex/tools/array.sty))
(c:/texlive/2025/texmf-dist/tex/latex/amsmath/amsmath.sty
For additional information on amsmath, use the `?' option.
(c:/texlive/2025/texmf-dist/tex/latex/amsmath/amstext.sty
(c:/texlive/2025/texmf-dist/tex/latex/amsmath/amsgen.sty))
(c:/texlive/2025/texmf-dist/tex/latex/amsmath/amsbsy.sty)
(c:/texlive/2025/texmf-dist/tex/latex/amsmath/amsopn.sty))
(c:/texlive/2025/texmf-dist/tex/latex/booktabs/booktabs.sty)
(c:/texlive/2025/texmf-dist/tex/latex/tools/longtable.sty)
(c:/texlive/2025/texmf-dist/tex/latex/enumitem/enumitem.sty)
(c:/texlive/2025/texmf-dist/tex/latex/natbib/natbib.sty)
(c:/texlive/2025/texmf-dist/tex/latex/hyperref/hyperref.sty
(c:/texlive/2025/texmf-dist/tex/generic/kvdefinekeys/kvdefinekeys.sty)
(c:/texlive/2025/texmf-dist/tex/generic/pdfescape/pdfescape.sty
(c:/texlive/2025/texmf-dist/tex/generic/pdftexcmds/pdftexcmds.sty
(c:/texlive/2025/texmf-dist/tex/generic/infwarerr/infwarerr.sty)))
(c:/texlive/2025/texmf-dist/tex/latex/hycolor/hycolor.sty)
(c:/texlive/2025/texmf-dist/tex/latex/hyperref/nameref.sty
(c:/texlive/2025/texmf-dist/tex/latex/refcount/refcount.sty)
(c:/texlive/2025/texmf-dist/tex/generic/gettitlestring/gettitlestring.sty))
(c:/texlive/2025/texmf-dist/tex/generic/stringenc/stringenc.sty)
(c:/texlive/2025/texmf-dist/tex/latex/hyperref/pd1enc.def)
(c:/texlive/2025/texmf-dist/tex/generic/intcalc/intcalc.sty)
(c:/texlive/2025/texmf-dist/tex/latex/hyperref/puenc.def)
(c:/texlive/2025/texmf-dist/tex/latex/url/url.sty)
(c:/texlive/2025/texmf-dist/tex/generic/bitset/bitset.sty
(c:/texlive/2025/texmf-dist/tex/generic/bigintcalc/bigintcalc.sty)))
(c:/texlive/2025/texmf-dist/tex/latex/hyperref/hpdftex.def
(c:/texlive/2025/texmf-dist/tex/latex/rerunfilecheck/rerunfilecheck.sty
(c:/texlive/2025/texmf-dist/tex/generic/uniquecounter/uniquecounter.sty)))
(c:/texlive/2025/texmf-dist/tex/latex/titlesec/titlesec.sty) (./numbers.tex)
(c:/texlive/2025/texmf-dist/tex/latex/lm/t1lmr.fd)
(c:/texlive/2025/texmf-dist/tex/latex/l3backend/l3backend-pdftex.def)
(./response-to-reviewers.aux)
*geometry* driver: auto-detecting
*geometry* detected driver: pdftex
(c:/texlive/2025/texmf-dist/tex/latex/microtype/mt-cmr.cfg)
(c:/texlive/2025/texmf-dist/tex/context/base/mkii/supp-pdf.mkii
[Loading MPS to PDF converter (version 2006.09.02).]
) (./response-to-reviewers.out) (./response-to-reviewers.out)
(c:/texlive/2025/texmf-dist/tex/latex/lm/ot1lmr.fd)
(c:/texlive/2025/texmf-dist/tex/latex/lm/omllmm.fd)
(c:/texlive/2025/texmf-dist/tex/latex/lm/omslmsy.fd)
(c:/texlive/2025/texmf-dist/tex/latex/lm/omxlmex.fd)
(c:/texlive/2025/texmf-dist/tex/latex/lm/ts1lmr.fd) [1{c:/texlive/2025/texmf-va
r/fonts/map/pdftex/updmap/pdftex.map}{c:/texlive/2025/texmf-dist/fonts/enc/dvip
s/lm/lm-ec.enc}{c:/texlive/2025/texmf-dist/fonts/enc/dvips/lm/lm-mathit.enc}{c:
/texlive/2025/texmf-dist/fonts/enc/dvips/lm/lm-rm.enc}{c:/texlive/2025/texmf-di
st/fonts/enc/dvips/lm/lm-ts1.enc}]
(c:/texlive/2025/texmf-dist/tex/latex/lm/t1lmtt.fd)
Overfull \hbox (93.97194pt too wide) in paragraph at lines 128--131
[]\T1/lmr/m/n/10.95 (-20) All nu-mer-i-cal val-ues quoted here are gen-er-ated 
from the archived per-seed re-sults by \T1/lmtt/m/n/10.95 scripts/analysis/make
_all.py
ignored error: Infinite glue shrinkage found in box being split [2{c:/texlive/2
025/texmf-dist/fonts/enc/dvips/lm/lm-mathsy.enc}] [3] [4] [5] [6] [7] [8]
Overfull \hbox (77.887pt too wide) in paragraph at lines 565--569
\T1/lmr/m/n/10.95 (-20) to Sec-tion 4.2.1. [] 
[9] [10] [11] [12] [13] [14] [15{c:/texlive/2025/texmf-dist/fonts/enc/dvips/lm/
lm-mathex.enc}]
ignored error: Infinite glue shrinkage found in box being split [16] [17]
[18] [19] [20] [21] [22]
ignored error: Infinite glue shrinkage found in box being split [23] [24]
(./response-to-reviewers.aux) )
(see the transcript file for additional information)<c:/texlive/2025/texmf-dist
/fonts/type1/public/lm/lmbx10.pfb><c:/texlive/2025/texmf-dist/fonts/type1/publi
c/lm/lmbx12.pfb><c:/texlive/2025/texmf-dist/fonts/type1/public/lm/lmcsc10.pfb><
c:/texlive/2025/texmf-dist/fonts/type1/public/lm/lmex10.pfb><c:/texlive/2025/te
xmf-dist/fonts/type1/public/lm/lmmi10.pfb><c:/texlive/2025/texmf-dist/fonts/typ
e1/public/lm/lmmi8.pfb><c:/texlive/2025/texmf-dist/fonts/type1/public/lm/lmr10.
pfb><c:/texlive/2025/texmf-dist/fonts/type1/public/lm/lmr8.pfb><c:/texlive/2025
/texmf-dist/fonts/type1/public/lm/lmri10.pfb><c:/texlive/2025/texmf-dist/fonts/
type1/public/lm/lmsy10.pfb><c:/texlive/2025/texmf-dist/fonts/type1/public/lm/lm
sy8.pfb><c:/texlive/2025/texmf-dist/fonts/type1/public/lm/lmtt10.pfb><c:/texliv
e/2025/texmf-dist/fonts/type1/public/lm/lmtti10.pfb>
Output written on response-to-reviewers.pdf (24 pages, 336501 bytes).
Transcript written on response-to-reviewers.log.
