This is XeTeX, Version 3.141592653-2.6-0.999997 (TeX Live 2025) (preloaded format=xelatex)
 restricted \write18 enabled.
entering extended mode
(./response-to-reviewers.tex
LaTeX2e <2025-11-01>
L3 programming layer <2026-01-19>
(c:/texlive/2025/texmf-dist/tex/latex/base/article.cls
Document Class: article 2025/01/22 v1.4n Standard LaTeX document class
(c:/texlive/2025/texmf-dist/tex/latex/base/size11.clo))
(c:/texlive/2025/texmf-dist/tex/latex/base/fontenc.sty
(c:/texlive/2025/texmf-dist/tex/latex/lm/t1lmr.fd))
(c:/texlive/2025/texmf-dist/tex/latex/base/inputenc.sty

Package inputenc Warning: inputenc package ignored with utf8 based engines.

) (c:/texlive/2025/texmf-dist/tex/latex/geometry/geometry.sty
(c:/texlive/2025/texmf-dist/tex/latex/graphics/keyval.sty)
(c:/texlive/2025/texmf-dist/tex/generic/iftex/ifvtex.sty
(c:/texlive/2025/texmf-dist/tex/generic/iftex/iftex.sty)))
(c:/texlive/2025/texmf-dist/tex/latex/lm/lmodern.sty)
(c:/texlive/2025/texmf-dist/tex/latex/microtype/microtype.sty
(c:/texlive/2025/texmf-dist/tex/latex/etoolbox/etoolbox.sty)
(c:/texlive/2025/texmf-dist/tex/latex/microtype/microtype-xetex.def)
(c:/texlive/2025/texmf-dist/tex/latex/microtype/microtype.cfg))
(c:/texlive/2025/texmf-dist/tex/latex/parskip/parskip.sty
(c:/texlive/2025/texmf-dist/tex/latex/kvoptions/kvoptions.sty
(c:/texlive/2025/texmf-dist/tex/generic/ltxcmds/ltxcmds.sty)
(c:/texlive/2025/texmf-dist/tex/latex/kvsetkeys/kvsetkeys.sty)))
(c:/texlive/2025/texmf-dist/tex/latex/xcolor/xcolor.sty
(c:/texlive/2025/texmf-dist/tex/latex/graphics-cfg/color.cfg)
(c:/texlive/2025/texmf-dist/tex/latex/graphics-def/xetex.def)
(c:/texlive/2025/texmf-dist/tex/latex/graphics/mathcolor.ltx))
(c:/texlive/2025/texmf-dist/tex/latex/colortbl/colortbl.sty
(c:/texlive/2025/texmf-dist/tex/latex/tools/array.sty))
(c:/texlive/2025/texmf-dist/tex/latex/graphics/dvipsnam.def)
(c:/texlive/2025/texmf-dist/tex/latex/mdframed/mdframed.sty
(c:/texlive/2025/texmf-dist/tex/latex/l3packages/xparse/xparse.sty
(c:/texlive/2025/texmf-dist/tex/latex/l3kernel/expl3.sty
(c:/texlive/2025/texmf-dist/tex/latex/l3backend/l3backend-xetex.def)))
(c:/texlive/2025/texmf-dist/tex/latex/zref/zref-abspage.sty
(c:/texlive/2025/texmf-dist/tex/latex/zref/zref-base.sty
(c:/texlive/2025/texmf-dist/tex/generic/infwarerr/infwarerr.sty)
(c:/texlive/2025/texmf-dist/tex/generic/kvdefinekeys/kvdefinekeys.sty)
(c:/texlive/2025/texmf-dist/tex/generic/pdftexcmds/pdftexcmds.sty)
(c:/texlive/2025/texmf-dist/tex/generic/etexcmds/etexcmds.sty)
(c:/texlive/2025/texmf-dist/tex/latex/auxhook/auxhook.sty)))
(c:/texlive/2025/texmf-dist/tex/latex/needspace/needspace.sty)
(c:/texlive/2025/texmf-dist/tex/latex/mdframed/md-frame-0.mdf))
(c:/texlive/2025/texmf-dist/tex/generic/soul/soul.sty
(c:/texlive/2025/texmf-dist/tex/generic/soul/soul-ori.sty))
(c:/texlive/2025/texmf-dist/tex/latex/enumitem/enumitem.sty)
(c:/texlive/2025/texmf-dist/tex/latex/hyperref/hyperref.sty
(c:/texlive/2025/texmf-dist/tex/generic/pdfescape/pdfescape.sty)
(c:/texlive/2025/texmf-dist/tex/latex/hycolor/hycolor.sty)
(c:/texlive/2025/texmf-dist/tex/latex/hyperref/nameref.sty
(c:/texlive/2025/texmf-dist/tex/latex/refcount/refcount.sty)
(c:/texlive/2025/texmf-dist/tex/generic/gettitlestring/gettitlestring.sty))
(c:/texlive/2025/texmf-dist/tex/generic/stringenc/stringenc.sty)
(c:/texlive/2025/texmf-dist/tex/latex/hyperref/pd1enc.def)
(c:/texlive/2025/texmf-dist/tex/generic/intcalc/intcalc.sty)
(c:/texlive/2025/texmf-dist/tex/latex/hyperref/puenc.def)
(c:/texlive/2025/texmf-dist/tex/latex/url/url.sty)
(c:/texlive/2025/texmf-dist/tex/generic/bitset/bitset.sty
(c:/texlive/2025/texmf-dist/tex/generic/bigintcalc/bigintcalc.sty)))
(c:/texlive/2025/texmf-dist/tex/latex/hyperref/hxetex.def
(c:/texlive/2025/texmf-dist/tex/latex/rerunfilecheck/rerunfilecheck.sty
(c:/texlive/2025/texmf-dist/tex/generic/uniquecounter/uniquecounter.sty)))
(c:/texlive/2025/texmf-dist/tex/latex/amsmath/amsmath.sty
For additional information on amsmath, use the `?' option.
(c:/texlive/2025/texmf-dist/tex/latex/amsmath/amstext.sty
(c:/texlive/2025/texmf-dist/tex/latex/amsmath/amsgen.sty))
(c:/texlive/2025/texmf-dist/tex/latex/amsmath/amsbsy.sty)
(c:/texlive/2025/texmf-dist/tex/latex/amsmath/amsopn.sty))
(c:/texlive/2025/texmf-dist/tex/latex/natbib/natbib.sty)
(c:/texlive/2025/texmf-dist/tex/generic/ulem/ulem.sty) (./numbers.tex)
(c:/texlive/2025/texmf-dist/tex/latex/titlesec/titlesec.sty)
(./response-to-reviewers.aux)
*geometry* driver: auto-detecting
*geometry* detected driver: xetex
(c:/texlive/2025/texmf-dist/tex/latex/microtype/mt-cmr.cfg)
(./response-to-reviewers.out) (./response-to-reviewers.out)
Missing character: There is no ÔÇö ("2014) in font ec-lmr12!

LaTeX Warning: Reference `sec:limitations' on page 1 undefined on input line 20
0.


LaTeX Warning: Reference `sec:limitations' on page 1 undefined on input line 21
3.

[1] (c:/texlive/2025/texmf-dist/tex/latex/lm/ot1lmr.fd)
(c:/texlive/2025/texmf-dist/tex/latex/lm/omllmm.fd)
(c:/texlive/2025/texmf-dist/tex/latex/lm/omslmsy.fd)
(c:/texlive/2025/texmf-dist/tex/latex/lm/omxlmex.fd) [2]

Package natbib Warning: Citation `shumailov2024' on page 3 undefined on input l
ine 357.


Package natbib Warning: Citation `keisha2025' on page 3 undefined on input line
 357.

[3] (c:/texlive/2025/texmf-dist/tex/latex/lm/t1lmtt.fd) [4]

LaTeX Warning: Reference `app:repo' on page 5 undefined on input line 440.


LaTeX Warning: Reference `app:repo' on page 5 undefined on input line 465.

[5] [6]
Overfull \hbox (5.46312pt too wide) in paragraph at lines 558--565
[]\T1/lmr/m/n/10.95 All sym-bols in Eq. 6 (SDI-3) and its sup-port-ing quan-ti-
ties are now de-fined in Ta-ble 1 (tab:notation)
[7]

Package natbib Warning: Citation `roy2007' on page 8 undefined on input line 65
0.

[8] [9] [10]

Package natbib Warning: Citation `gemma4_2026' on page 11 undefined on input li
ne 932.

[11]

Package natbib Warning: Citation `fawi2024curlora' on page 12 undefined on inpu
t line 970.


Package natbib Warning: Citation `gemma4_2026' on page 12 undefined on input li
ne 998.


Package natbib Warning: Citation `keisha2025' on page 12 undefined on input lin
e 1016.


Package natbib Warning: Citation `shumailov2024' on page 12 undefined on input 
line 1019.

[12]

Package natbib Warning: There were undefined citations.

[13] (./response-to-reviewers.aux)

LaTeX Warning: There were undefined references.

 )
(see the transcript file for additional information)
Output written on response-to-reviewers.pdf (13 pages).
Transcript written on response-to-reviewers.log.
