This is BibTeX, Version 0.99d (TeX Live 2025)
The top-level auxiliary file: manuscript-anonymous.aux
The style file: model1-num-names.bst
Database file #1: cas-refs.bib
I was expecting an "="---line 689 of file cas-refs.bib
 :   journal = {arXiv preprint},\n  
 :                                  eprint  = {2405.18069},\n  archiveprefix = {arXiv},
I'm skipping whatever remains of this entry
Warning--empty pages in wang2023selfinstruct
Warning--empty pages in villalobos2024
Warning--empty pages in dohmatob2025
Warning--empty pages in alemohammad2024
Warning--empty pages in gerstgrasser2024
Warning--empty pages in hu2022
Warning--empty pages in dettmers2023
Warning--empty pages in dohmatob2024scaling
Warning--empty pages in petroni2019
Warning--empty pages in bertrand2024stability
Warning--empty pages in zhang2023adalora
Warning--empty year in biderman2024incremental; set to ????
Warning--empty pages in ding2024ranktrade
Warning--empty pages in geva2021
Warning--empty pages in meng2022locating
Warning--empty pages in roy2007
Warning--empty pages in holtzman2020
(There was 1 error message)
