This is BibTeX, Version 0.99d (TeX Live 2025)
The top-level auxiliary file: manuscript-anonymous.aux
The style file: model1-num-names.bst
Database file #1: cas-refs.bib
Warning--empty pages in wang2023selfinstruct
Warning--empty pages in villalobos2024
Warning--empty pages in dohmatob2025
Warning--empty pages in alemohammad2024
Warning--empty pages in gerstgrasser2024
Warning--empty pages in hu2022
Warning--empty pages in dettmers2023
Warning--empty pages in dohmatob2024scaling
Warning--empty pages in petroni2019
Warning--empty pages in bertrand2024stability
Warning--empty pages in zhang2023adalora
Warning--empty pages in ding2024ranktrade
Warning--empty pages in geva2021
Warning--empty pages in meng2022locating
Warning--empty pages in roy2007
Warning--empty pages in holtzman2020
(There were 16 warnings)
